-------------------------------------------------------------------------------
AGILENT 3070 BOARD TEST GRADER               Sat Jul 31 16:20:32 2021  page 1  

Analog  Functional     Vacuum Off REPORT
-------------------------------------------------------------------------------

Board Path:              ./
Board Serial #:          Board1
Date of Data generation: Thu Jul 29 17:54:51 2021

Number of test runs (in config.bdg): 1
Number of tests: 148
Number of tests performing correctly (i.e. failed): 108
Number of tests performing incorrectly (i.e. passed): 40

Tests that executed with vacuum off incorrectly (i.e. passed):
u12_q0
u12_q1
u12_q2
u12_q3
u12_q4
u12_q4,VOUT
u12_q5
u12_q5,VOUT
u12_q6
u12_q7
u12_q7,VOUT
u12_q8
u12_q9
u12_q10
u12_q10,VOUT
u12_q11
u12_q12
u12_q12,VOUT
u12_q13
u12_q14
u12_q15
u12_q15,VOUT
u13_q0
u13_q1
u13_q2
u13_q3
u13_q4
u13_q5
u13_q6
u13_q7
u13_q8
u13_q9
u13_q10
u13_q11
u13_q11,VOUT
u13_q12
u13_q13
u13_q14
u13_q15
u13_q15,VOUT

For more Information, please examine: ana_fun_vac_off.dat
