-------------------------------------------------------------------------------
AGILENT 3070 BOARD TEST GRADER               Sat Jul 31 16:20:32 2021  page 1  

Analog  Incircuit      Vacuum Off REPORT
-------------------------------------------------------------------------------

Board Path:              ./
Board Serial #:          Board1
Date of Data generation: Sat Jul 31 16:04:14 2021

Number of test runs (in config.bdg): 1
Number of tests: 1863
Number of tests performing correctly (i.e. failed): 1830
Number of tests performing incorrectly (i.e. passed): 33

Tests that executed with vacuum off incorrectly (i.e. passed):
q6_q0,FET_OFF
q6_q1,FET_OFF
q6_q2,FET_OFF
q6_q3,FET_OFF
q6_q4,FET_OFF
q6_q5,FET_OFF
q6_q6,FET_OFF
q6_q7,FET_OFF
q6_q8,FET_OFF
q6_q9,FET_OFF
q6_q10,FET_OFF
q6_q11,FET_OFF
q6_q12,FET_OFF
q6_q13,FET_OFF
q6_q14,FET_OFF
q6_q15,FET_OFF
q7_q0,FET_OFF
q7_q1,FET_OFF
q7_q2,FET_OFF
q7_q3,FET_OFF
q7_q4,FET_OFF
q7_q5,FET_OFF
q7_q6,FET_OFF
q7_q7,FET_OFF
q7_q8,FET_OFF
q7_q9,FET_OFF
q7_q10,FET_OFF
q7_q11,FET_OFF
q7_q12,FET_OFF
q7_q13,FET_OFF
q7_q14,FET_OFF
q7_q15,FET_OFF
q9,FET_OFF

For more Information, please examine: ana_inc_vac_off.dat
