-------------------------------------------------------------------------------
AGILENT 3070 BOARD TEST GRADER               Sat Jul 31 16:20:32 2021  page 1  

SUMMARY REPORT
-------------------------------------------------------------------------------

Board Path:              ./
Board Serial #:          Board1

Test                                            Number Number  Number    Number
                                                Total  Success Unsuccess Flagged

Pins                                                10      10        0
Pre-Shorts                                         430     430        0       1
Shorts                                              50      10       40
Analog  Incircuit      Vacuum Off                 1863    1830       33
Digital Incircuit      Vacuum Off                   34      34        0
Analog  Functional     Vacuum Off                  148     108       40
BScan   Interconnect   Vacuum Off                    3       3        0
BScan   Incircuit      Vacuum Off                   19      19        0
Analog  Incircuit      Quality                   18630   18630        0     129
Digital Incircuit      Quality                     540     540        0       1
Analog  Functional     Quality                    1680    1680        0       3
BScan   Interconnect   Quality                     230     230        0       1
BScan   Incircuit      Quality                     390     390        0       1
Digital Incircuit      Fault Coverage              897     880       17
