-------------------------------------------------------------------------------
AGILENT 3070 BOARD TEST GRADER               Wed Sep 23 19:31:39 2020  page 1  

Analog  Incircuit      Vacuum Off REPORT
-------------------------------------------------------------------------------

Board Path:              ./
Board Serial #:          Board1
Date of Data generation: Wed Sep 23 18:44:13 2020

Number of test runs (in config.bdg): 1
Number of tests: 1734
Number of tests performing correctly (i.e. failed): 1706
Number of tests performing incorrectly (i.e. passed): 28

Tests that executed with vacuum off incorrectly (i.e. passed):
a_q28%pwr,NFET_OFF
fc_q1_hs0%pwr,NFET_OFF
fc_q1_hs1%pwr,NFET_OFF
fc_q1_hs2%pwr,NFET_OFF
fc_q1_hs3%pwr,NFET_OFF
fc_q1_hs4%pwr,NFET_OFF
fc_q1_hs5%pwr,NFET_OFF
fc_q55%pwr,NFET_OFF
fc_q56%pwr,NFET_OFF
fc_q57%pwr,NFET_OFF
fc_q58%pwr,NFET_OFF
fc_q59%pwr,NFET_OFF
fc_q60%pwr,NFET_OFF
q1%pwr,NFET_OFF
q2%pwr,NFET_OFF
q3%pwr,NFET_OFF
q4_c%pwr,NFET_OFF
q5_c%pwr,NFET_OFF
q7_c%pwr,NFET_OFF
q29_c%pwr,NFET_OFF
q30_c%pwr,NFET_OFF
q112_c%pwr,NFET_OFF
q6_c%pwr,NFET_OFF

For more Information, please examine: ana_inc_vac_off.dat
