-------------------------------------------------------------------------------
AGILENT 3070 BOARD TEST GRADER               Wed Sep 23 19:31:39 2020  page 1  

Digital Incircuit      Fault Coverage REPORT
-------------------------------------------------------------------------------

Board Path:              ./
Board Serial #:          Board1
Date of Data generation: Sat Sep 19 20:44:13 2020

Number of test runs (in config.bdg): 1
Number of tests: 20

Designator                                   -Drive Faults-  Receive Faults Com
                                               #      #        #      #     Ref
                                             Fault  Fault    Fault  Fault
                                             Found  Not Fnd  Found  Not Fnd

A_U139                                         41       1      34       2   ...
A_U149                                          9       0       6       0   ...
FC_U4                                          15       3       3       0   ...
U38                                            15       3       3       0   ...
U43                                             7       5       6       3   ...
U49                                             6       3       6       3   ...
U57                                            18       0      38       1   ...
U64                                            18      12       6       6   ...
U66                                            14       4      24       0   ...
U69                                            12       0       9       0   ...
U72                                            12       0       9       0   ...
U74                                            15       0       3       0   ...
U78                                            12       0       3       0   ...
U83_C                                          15       0      12       0   ...
U116                                            6       0       3       0   ...
U125_C                                          6       0       3       0   ...
U136_C                                          6       0       3       0   ...
U137_C                                          6       0       3       0   ...
U158                                           12       0       3       0   ...
U46                                            14      43       2       1   ...

For more Information, please examine: dig_inc_ver_fau.dat
