-------------------------------------------------------------------------------
AGILENT 3070 BOARD TEST GRADER               Wed Sep 23 19:31:39 2020  page 1  

SUMMARY REPORT
-------------------------------------------------------------------------------

Board Path:              ./
Board Serial #:          Board1

Test                                            Number Number  Number    Number
                                                Total  Success Unsuccess Flagged

Pins                                                10       7        3
Pre-Shorts                                         150     150        0       1
Shorts                                              50      50        0
Analog  Incircuit      Vacuum Off                 1734    1706       28
Digital Incircuit      Vacuum Off                   20      18        2
Analog  Functional     Vacuum Off                   31      30        1
Analog  Incircuit      Quality                   17340   17340        0     114
Digital Incircuit      Quality                     410     400       10       1
Analog  Functional     Quality                     520     520        0       9
Digital Incircuit      Fault Coverage              528     438       90
